 Image promisepatch-order-simulator:local Building 
 Image promisepatch-backend:local Building 
#1 [internal] load local bake definitions
#1 reading from stdin 1.33kB 0.0s done
#1 DONE 0.0s

#2 [order-simulator internal] load build definition from Dockerfile.simulator
#2 transferring dockerfile: 3.25kB 0.0s done
#2 DONE 0.1s

#3 [order-simulator internal] load metadata for ghcr.io/astral-sh/uv:0.9.18
#3 ...

#4 [migrate internal] load build definition from Dockerfile.backend
#4 transferring dockerfile: 8.41kB 0.0s done
#4 DONE 0.2s

#5 [order-simulator internal] load metadata for docker.io/library/python:3.12-slim-bookworm
#5 DONE 0.2s

#3 [migrate internal] load metadata for ghcr.io/astral-sh/uv:0.9.18
#3 ...

#6 [migrate internal] load metadata for docker.io/library/node:24-bookworm-slim
#6 DONE 4.9s

#3 [migrate internal] load metadata for ghcr.io/astral-sh/uv:0.9.18
#3 DONE 6.9s

#7 [migrate internal] load .dockerignore
#7 transferring context: 1.26kB 0.0s done
#7 DONE 0.0s

#8 [order-simulator internal] load build context
#8 DONE 0.0s

#9 [migrate internal] load build context
#9 DONE 0.0s

#10 [order-simulator] FROM ghcr.io/astral-sh/uv:0.9.18@sha256:5713fa8217f92b80223bc83aac7db36ec80a84437dbc0d04bbc659cae030d8c9
#10 resolve ghcr.io/astral-sh/uv:0.9.18@sha256:5713fa8217f92b80223bc83aac7db36ec80a84437dbc0d04bbc659cae030d8c9 0.0s done
#10 DONE 0.0s

#11 [migrate build  1/13] FROM docker.io/library/python:3.12-slim-bookworm@sha256:782412e85d0f0984994c290652577d4018aff08145c85b262bb63dc0c7522254
#11 resolve docker.io/library/python:3.12-slim-bookworm@sha256:782412e85d0f0984994c290652577d4018aff08145c85b262bb63dc0c7522254 0.0s done
#11 resolve docker.io/library/python:3.12-slim-bookworm@sha256:782412e85d0f0984994c290652577d4018aff08145c85b262bb63dc0c7522254 0.0s done
#11 DONE 0.1s

#12 [migrate frontend 1/6] FROM docker.io/library/node:24-bookworm-slim@sha256:0e0ff40c39bc087845bfb27465a0df4ea419520094bc35842ff83dd8cbe6f9b6
#12 resolve docker.io/library/node:24-bookworm-slim@sha256:0e0ff40c39bc087845bfb27465a0df4ea419520094bc35842ff83dd8cbe6f9b6 0.0s done
#12 DONE 0.0s

#8 [order-simulator internal] load build context
#8 transferring context: 2.44kB 0.0s done
#8 DONE 0.0s

#13 [order-simulator build  7/13] COPY packages/order-contract/pyproject.toml packages/order-contract/pyproject.toml
#13 CACHED

#14 [order-simulator build  3/13] WORKDIR /src
#14 CACHED

#15 [order-simulator build  4/13] RUN --mount=type=secret,id=extra_ca,target=/tmp/extra-ca.crt     if [ -s /tmp/extra-ca.crt ]; then         cp /tmp/extra-ca.crt /usr/local/share/ca-certificates/extra-ca.crt &&         update-ca-certificates;     fi
#15 CACHED

#16 [order-simulator build  5/13] COPY pyproject.toml uv.lock .python-version ./
#16 CACHED

#17 [order-simulator build  6/13] COPY packages/promise-graph/pyproject.toml packages/promise-graph/pyproject.toml
#17 CACHED

#18 [order-simulator build  8/13] COPY apps/backend/pyproject.toml apps/backend/pyproject.toml
#18 CACHED

#19 [order-simulator build  2/13] COPY --from=ghcr.io/astral-sh/uv:0.9.18 /uv /bin/uv
#19 CACHED

#20 [order-simulator build  9/13] COPY apps/order-simulator/pyproject.toml apps/order-simulator/pyproject.toml
#20 CACHED

#9 [migrate internal] load build context
#9 transferring context: 5.70MB 0.9s done
#9 DONE 1.0s

#20 [migrate build  9/13] COPY apps/order-simulator/pyproject.toml apps/order-simulator/pyproject.toml
#20 CACHED

#21 [order-simulator build 10/13] RUN --mount=type=cache,target=/root/.cache/uv     uv sync --frozen --no-dev --no-editable --no-install-workspace --package order-simulator
#21 ...

#19 [migrate build  2/13] COPY --from=ghcr.io/astral-sh/uv:0.9.18 /uv /bin/uv
#19 CACHED

#14 [migrate build  3/13] WORKDIR /src
#14 CACHED

#22 [migrate build  9/14] COPY apps/order-simulator/pyproject.toml apps/order-simulator/pyproject.toml
#22 CACHED

#23 [migrate build  5/14] COPY pyproject.toml uv.lock .python-version ./
#23 CACHED

#24 [migrate build  6/14] COPY packages/promise-graph/pyproject.toml packages/promise-graph/pyproject.toml
#24 CACHED

#25 [migrate build  8/14] COPY apps/backend/pyproject.toml apps/backend/pyproject.toml
#25 CACHED

#15 [migrate build  4/13] RUN --mount=type=secret,id=extra_ca,target=/tmp/extra-ca.crt     if [ -s /tmp/extra-ca.crt ]; then         cp /tmp/extra-ca.crt /usr/local/share/ca-certificates/extra-ca.crt &&         update-ca-certificates;     fi
#15 CACHED

#26 [migrate build 10/14] RUN --mount=type=cache,target=/root/.cache/uv     uv sync --frozen --no-dev --no-editable --no-install-workspace --package promisepatch
#26 CACHED

#27 [migrate build  7/14] COPY packages/order-contract/pyproject.toml packages/order-contract/pyproject.toml
#27 CACHED

#28 [migrate build 11/14] COPY packages/promise-graph packages/promise-graph
#28 CACHED

#29 [migrate build 12/14] COPY packages/order-contract packages/order-contract
#29 CACHED

#30 [migrate build 13/14] COPY apps/backend apps/backend
#30 DONE 0.5s

#21 [order-simulator build 10/13] RUN --mount=type=cache,target=/root/.cache/uv     uv sync --frozen --no-dev --no-editable --no-install-workspace --package order-simulator
#21 2.018 Using CPython 3.12.14 interpreter at: /usr/local/bin/python3.12
#21 2.018 Creating virtual environment at: /app/.venv
#21 2.529 Downloading pydantic-core (2.0MiB)
#21 2.670 Downloading uvloop (4.2MiB)
#21 3.893  Downloaded pydantic-core
#21 4.317  Downloaded uvloop
#21 4.318 Prepared 6 packages in 2.15s
#21 5.003 Installed 24 packages in 684ms
#21 6.166 Bytecode compiled 514 files in 1.16s
#21 6.166  + annotated-doc==0.0.5
#21 6.166  + annotated-types==0.8.0
#21 6.166  + anyio==4.14.2
#21 6.166  + click==8.3.3
#21 6.166  + fastapi==0.141.1
#21 6.166  + h11==0.16.0
#21 6.166  + httpcore2==2.12.0
#21 6.166  + httptools==0.8.0
#21 6.166  + httpx2==2.12.0
#21 6.166  + idna==3.19
#21 6.167  + pydantic==2.13.5
#21 6.167  + pydantic-core==2.46.5
#21 6.167  + pydantic-settings==2.15.0
#21 6.167  + python-dotenv==1.2.3
#21 6.167  + python-multipart==0.0.32
#21 6.167  + pyyaml==6.0.3
#21 6.167  + starlette==1.6.0
#21 6.167  + truststore==0.10.4
#21 6.167  + typing-extensions==4.16.0
#21 6.167  + typing-inspection==0.4.4
#21 6.167  + uvicorn==0.52.4
#21 6.167  + uvloop==0.22.1
#21 6.167  + watchfiles==1.2.0
#21 6.167  + websockets==17.1
#21 DONE 6.5s

#31 [migrate build 14/14] RUN --mount=type=cache,target=/root/.cache/uv     uv sync --frozen --no-dev --no-editable --package promisepatch
#31 0.891    Building promisepatch @ file:///src/apps/backend
#31 0.897    Building order-contract @ file:///src/packages/order-contract
#31 0.906    Building promise-graph @ file:///src/packages/promise-graph
#31 3.458       Built order-contract @ file:///src/packages/order-contract
#31 3.475       Built promise-graph @ file:///src/packages/promise-graph
#31 3.560       Built promisepatch @ file:///src/apps/backend
#31 3.599 Prepared 3 packages in 2.71s
#31 3.851 Installed 3 packages in 252ms
#31 ...

#32 [order-simulator build 11/13] COPY packages/order-contract packages/order-contract
#32 DONE 0.2s

#33 [order-simulator build 12/13] COPY apps/order-simulator apps/order-simulator
#33 DONE 0.1s

#31 [migrate build 14/14] RUN --mount=type=cache,target=/root/.cache/uv     uv sync --frozen --no-dev --no-editable --package promisepatch
#31 ...

#34 [order-simulator build 13/13] RUN --mount=type=cache,target=/root/.cache/uv     uv sync --frozen --no-dev --no-editable --package order-simulator
#34 0.494    Building order-simulator @ file:///src/apps/order-simulator
#34 0.494    Building order-contract @ file:///src/packages/order-contract
#34 1.561       Built order-contract @ file:///src/packages/order-contract
#34 1.575       Built order-simulator @ file:///src/apps/order-simulator
#34 1.585 Prepared 2 packages in 1.10s
#34 1.599 Installed 2 packages in 13ms
#34 ...

#31 [migrate build 14/14] RUN --mount=type=cache,target=/root/.cache/uv     uv sync --frozen --no-dev --no-editable --package promisepatch
#31 6.891 Bytecode compiled 2248 files in 3.03s
#31 6.891  + order-contract==0.1.0 (from file:///src/packages/order-contract)
#31 6.891  + promise-graph==0.1.0 (from file:///src/packages/promise-graph)
#31 6.891  + promisepatch==0.1.0 (from file:///src/apps/backend)
#31 DONE 7.1s

#34 [order-simulator build 13/13] RUN --mount=type=cache,target=/root/.cache/uv     uv sync --frozen --no-dev --no-editable --package order-simulator
#34 1.827 Bytecode compiled 528 files in 228ms
#34 1.827  + order-contract==0.1.0 (from file:///src/packages/order-contract)
#34 1.827  + order-simulator==0.1.0 (from file:///src/apps/order-simulator)
#34 DONE 1.9s

#35 [order-simulator runtime 2/4] RUN useradd --system --create-home --shell /usr/sbin/nologin ordersystem     && mkdir -p /data     && chown ordersystem:ordersystem /data
#35 CACHED

#36 [order-simulator runtime 3/4] WORKDIR /app
#36 CACHED

#37 [order-simulator runtime 4/4] COPY --from=build --chown=ordersystem:ordersystem /app/.venv /app/.venv
#37 DONE 0.7s

#38 [order-simulator] exporting to image
#38 exporting layers
#38 exporting layers 1.8s done
#38 exporting manifest sha256:5557877b23be759768880fac4281834ef648f7b0f95101aea943ccd60b329d60 0.0s done
#38 exporting config sha256:55093bfc4bb73e845e8b2821e91b9dbd757dcde8bcd7ba91fcc26149a9870099 0.0s done
#38 exporting attestation manifest sha256:485bc0c3bd105b8aa7a6b28aa5ebb7dfe9409af3cdf9604060d3174c7d046927 0.0s done
#38 exporting manifest list sha256:62c5cada6de08df52196051fbf6b02d2f9af81d93d72e37da4fcb6d6634b358b 0.0s done
#38 naming to docker.io/library/promisepatch-order-simulator:local 0.0s done
#38 unpacking to docker.io/library/promisepatch-order-simulator:local
#38 unpacking to docker.io/library/promisepatch-order-simulator:local 1.0s done
#38 DONE 2.9s

#39 [order-simulator] resolving provenance for metadata file
#39 DONE 0.0s

#40 [migrate runtime 2/7] RUN useradd --system --create-home --shell /usr/sbin/nologin promisepatch
#40 CACHED

#41 [migrate frontend 4/6] RUN --mount=type=secret,id=extra_ca,target=/tmp/extra-ca.crt     if [ -s /tmp/extra-ca.crt ]; then export NODE_EXTRA_CA_CERTS=/tmp/extra-ca.crt; fi;     npm ci
#41 CACHED

#42 [migrate frontend 5/6] COPY apps/frontend/ ./
#42 CACHED

#43 [migrate frontend 3/6] COPY apps/frontend/package.json apps/frontend/package-lock.json ./
#43 CACHED

#44 [migrate frontend 2/6] WORKDIR /ui
#44 CACHED

#45 [migrate runtime 3/7] WORKDIR /app
#45 CACHED

#46 [migrate frontend 6/6] RUN npm run build
#46 CACHED

#47 [migrate runtime 4/7] COPY --from=build --chown=promisepatch:promisepatch /app/.venv /app/.venv
#47 DONE 4.9s

#48 [migrate runtime 5/7] COPY --chown=promisepatch:promisepatch apps/backend/alembic.ini apps/backend/alembic.ini
#48 DONE 0.2s

#49 [migrate runtime 6/7] COPY --chown=promisepatch:promisepatch apps/backend/alembic apps/backend/alembic
#49 DONE 0.1s

#50 [migrate runtime 7/7] COPY --from=frontend --chown=promisepatch:promisepatch /ui/dist /app/frontend
#50 DONE 0.1s

#51 [migrate] exporting to image
#51 exporting layers
#51 exporting layers 6.4s done
#51 exporting manifest sha256:5165f01c966a49a236e5c3ef6a357d8e827a18f9a9a640a0b1988edd19e8cf81 0.0s done
#51 exporting config sha256:318db479e92e6641375d39f3453a3509a4e7c5fe502b9747ebfd11359f84e49e 0.0s done
#51 exporting attestation manifest sha256:b3e8a9a7170268f3b2d5555d5e7a18a376f84761a9dc08076d2a4d52f48da3b1 0.0s done
#51 exporting manifest list sha256:71e4999c78834236b72e73b9e59d87d241d9ee0974be4c0eb2ce28d13c375a41 0.0s done
#51 naming to docker.io/library/promisepatch-backend:local
#51 naming to docker.io/library/promisepatch-backend:local done
#51 unpacking to docker.io/library/promisepatch-backend:local
#51 unpacking to docker.io/library/promisepatch-backend:local 4.8s done
#51 DONE 11.4s

#52 [migrate] resolving provenance for metadata file
#52 DONE 0.0s
 Image promisepatch-order-simulator:local Built 
 Image promisepatch-backend:local Built 
