
Starting session with SessionId: PromisePatchLocalDevelopment-a8vg365x7qdl7yx3qlshp6beiu
BEFORE_STARTED=2026-09-30T19:41:59.877678428Z restart_count=0
PRE_RESTART=2026-09-30T20:19:14Z
fixture_state=1:f0be7a4abaa451eb128f35a0c2d3b148c9efc0eaafa7d06894b4741fca115e67
cases=1:8ba3fc5650f2ac3062cd5e4106b64836475d6bfec6aa550bb0d891a07f83c97d
tracks=6:93c6f54d943b1c32ca801eacfecafe8b9d5aa61e487ca82c9ced1c1e645a7ca9
timers=1:8fd77204475c20529644bd16a879d7186e32e9ac3515674ab57516dd4af13c51
case_steps=11:ff5cae60e55d2c6f800864eaffa3e04784c4b77b8420cd5658da0f275f17c703
customers=6:0d46bdac015b6342a921f4f30bc5a1df987bdc611d05cbf49d691fc2832c879f
orders=6:0ebca1b80ed63267778d64ebc952a8428cdd3e0bf8f9503458b94bd3f435044b
order_lines=6:643621c014570215aa8dd1f74f260faddbcf8b9ec24f2be6e25c1712adbe5e5b
production_tasks=6:dfbe5dc6f46cc6ae41351e9700dcedca8135b5763f92423f55f858e2586641c7
outbox_messages=2:65b8337f78f345356bb35f94ba5bbfb336a50f920b09073426e60973f560f02e
approval_requests=1:7e9a8892384b04f4620dcd3753e05413904d7b91a94f820a3a806742030a80f1
approval_decisions=0:4f53cda18c2baa0c0354bb5f9a3ecbe5ed12ab4d8e11ba873c2f11161202b945
inbound_replies=0:4f53cda18c2baa0c0354bb5f9a3ecbe5ed12ab4d8e11ba873c2f11161202b945
plan_approvals=1:d76d777efb8380096c83f2d138ba58d93de0e5c3b01f85fbc23d5207f063d7d4
audit_events_max=654
domain_events_max=1618
 Container promisepatch-worker-1  Restarting
 Container promisepatch-worker-1  Started
RESTART_RETURNED=2026-09-30T20:19:16Z
AFTER_STARTED=2026-09-30T20:19:16.31616042Z restart_count=0
fixture_state=1:f0be7a4abaa451eb128f35a0c2d3b148c9efc0eaafa7d06894b4741fca115e67
cases=1:8ba3fc5650f2ac3062cd5e4106b64836475d6bfec6aa550bb0d891a07f83c97d
tracks=6:93c6f54d943b1c32ca801eacfecafe8b9d5aa61e487ca82c9ced1c1e645a7ca9
timers=1:8fd77204475c20529644bd16a879d7186e32e9ac3515674ab57516dd4af13c51
case_steps=11:ff5cae60e55d2c6f800864eaffa3e04784c4b77b8420cd5658da0f275f17c703
customers=6:0d46bdac015b6342a921f4f30bc5a1df987bdc611d05cbf49d691fc2832c879f
orders=6:0ebca1b80ed63267778d64ebc952a8428cdd3e0bf8f9503458b94bd3f435044b
order_lines=6:643621c014570215aa8dd1f74f260faddbcf8b9ec24f2be6e25c1712adbe5e5b
production_tasks=6:dfbe5dc6f46cc6ae41351e9700dcedca8135b5763f92423f55f858e2586641c7
outbox_messages=2:65b8337f78f345356bb35f94ba5bbfb336a50f920b09073426e60973f560f02e
approval_requests=1:7e9a8892384b04f4620dcd3753e05413904d7b91a94f820a3a806742030a80f1
approval_decisions=0:4f53cda18c2baa0c0354bb5f9a3ecbe5ed12ab4d8e11ba873c2f11161202b945
inbound_replies=0:4f53cda18c2baa0c0354bb5f9a3ecbe5ed12ab4d8e11ba873c2f11161202b945
plan_approvals=1:d76d777efb8380096c83f2d138ba58d93de0e5c3b01f85fbc23d5207f063d7d4
audit_events_max=654
domain_events_max=1618
RESTART_IMMEDIATE_STATE_IDENTICAL


Exiting session with sessionId: PromisePatchLocalDevelopment-a8vg365x7qdl7yx3qlshp6beiu.

