
Starting session with SessionId: PromisePatchLocalDevelopment-lghziore5srqu27tt7tqt7r7fe
STABILITY_CHECK=2026-09-30T20:21:39Z
fixture_state=1:f0be7a4abaa451eb128f35a0c2d3b148c9efc0eaafa7d06894b4741fca115e67
cases=1:8ba3fc5650f2ac3062cd5e4106b64836475d6bfec6aa550bb0d891a07f83c97d
tracks=6:93c6f54d943b1c32ca801eacfecafe8b9d5aa61e487ca82c9ced1c1e645a7ca9
timers=1:8fd77204475c20529644bd16a879d7186e32e9ac3515674ab57516dd4af13c51
case_steps=11:ff5cae60e55d2c6f800864eaffa3e04784c4b77b8420cd5658da0f275f17c703
customers=6:0d46bdac015b6342a921f4f30bc5a1df987bdc611d05cbf49d691fc2832c879f
orders=6:0ebca1b80ed63267778d64ebc952a8428cdd3e0bf8f9503458b94bd3f435044b
order_lines=6:643621c014570215aa8dd1f74f260faddbcf8b9ec24f2be6e25c1712adbe5e5b
production_tasks=6:dfbe5dc6f46cc6ae41351e9700dcedca8135b5763f92423f55f858e2586641c7
outbox_messages=2:65b8337f78f345356bb35f94ba5bbfb336a50f920b09073426e60973f560f02e
approval_requests=1:7e9a8892384b04f4620dcd3753e05413904d7b91a94f820a3a806742030a80f1
approval_decisions=0:4f53cda18c2baa0c0354bb5f9a3ecbe5ed12ab4d8e11ba873c2f11161202b945
inbound_replies=0:4f53cda18c2baa0c0354bb5f9a3ecbe5ed12ab4d8e11ba873c2f11161202b945
plan_approvals=1:d76d777efb8380096c83f2d138ba58d93de0e5c3b01f85fbc23d5207f063d7d4
audit_events_max=654
domain_events_max=1618
RESTART_90_SECOND_STATE_IDENTICAL
db_now=2026-09-30T20:21:40.844276+00:00
unrelated_orders=ord-c,ord-d,ord-e,ord-f
unrelated.constraints=fbdc5cf591c124c2 n=2
unrelated.customers=6d7bda2339c577f8 n=4
unrelated.lines=c5686eca8aa71897 n=4
unrelated.order_system=2eb6e0661227a491 n=4
unrelated.orders=23944d2adac3c9d8 n=4
unrelated.promises=7652d88e2480fea5 n=4
unrelated.reservations=77ad64f7451357f2 n=8
unrelated.tasks=5ffc03506d3c18e0 n=4
unrelated.tracks=5f06d862c6798add n=4
unrelated_digest=74fde94a240c07fffb1544318889fa92e3cd4f57ce53e9918166f55bb3a60c8e
ef_digest=8f43d98c8b670a1f44fd420a3e55056239d63d4c4118296631e70fbe9ec110f8
versions mirror=[["EXT-C",1,"ACCEPTED"],["EXT-D",1,"ACCEPTED"],["EXT-E",1,"ACCEPTED"],["EXT-F",1,"ACCEPTED"]] store=[["EXT-C",1,"ACCEPTED"],["EXT-D",1,"ACCEPTED"],["EXT-E",1,"ACCEPTED"],["EXT-F",1,"ACCEPTED"]]
ef_tracks=[["pr-e","UNAFFECTED","UNAFFECTED"],["pr-f","UNAFFECTED","UNAFFECTED"]] ef_tasks=[["task-ol-e","STARTED",false],["task-ol-f","SCHEDULED",false]]
attributed_audit=0 attributed_events=0 attributed_outbox=0 attributed_requests=0


Exiting session with sessionId: PromisePatchLocalDevelopment-lghziore5srqu27tt7tqt7r7fe.

