
Starting session with SessionId: PromisePatchLocalDevelopment-azpdjltkl66x3edlioclvt9798
CONFIRM_CHECK=2026-09-30T20:18:01Z
case=[{"id": "1c10eb3b-27fd-57a7-9462-c98a323f6de8", "state": "WAITING"}]
tracks=[{"promise_id": "pr-a", "state": "RECOVERED", "classification": "AUTO_RECOVERABLE", "rule_id": "R-PREAPPROVED"}, {"promise_id": "pr-b", "state": "WAITING_FOR_CUSTOMER", "classification": "APPROVAL_REQUIRED", "rule_id": "R-VISIBLE-ASK"}, {"promise_id": "pr-c", "state": "ESCALATED", "classification": "BLOCKED", "rule_id": "R-NOSUB"}, {"promise_id": "pr-d", "state": "ESCALATED", "classification": "BLOCKED", "rule_id": "R-NOSUB"}, {"promise_id": "pr-e", "state": "UNAFFECTED", "classification": "UNAFFECTED", "rule_id": "R-UNREACH"}, {"promise_id": "pr-f", "state": "UNAFFECTED", "classification": "UNAFFECTED", "rule_id": "R-UNREACH"}]
approvals=[{"approved_by": "maya", "channel": "BROWSER_SESSION", "approved_at": "2026-09-30 20:16:35.308725+00:00"}]
outbox=[{"kind": "ORDER_AMEND", "state": "DELIVERED", "attempts": 1, "idempotency_key": "pp:amend:d3cccee5-30e9-5814-a4d6-095156e6a275:c06ba3b6-73d3-5e4b-8dff-49be6c254cf0:1"}, {"kind": "MESSAGE_SEND", "state": "DELIVERED", "attempts": 1, "idempotency_key": "pp:approval:482bc857-fb17-5b35-af21-c9688a06c06e"}]
requests=[{"state": "SENT"}]
orders=[{"external_id": "EXT-A", "external_version": 2, "state": "AMENDED"}, {"external_id": "EXT-B", "external_version": 1, "state": "ACCEPTED"}, {"external_id": "EXT-C", "external_version": 1, "state": "ACCEPTED"}, {"external_id": "EXT-D", "external_version": 1, "state": "ACCEPTED"}, {"external_id": "EXT-E", "external_version": 1, "state": "ACCEPTED"}, {"external_id": "EXT-F", "external_version": 1, "state": "ACCEPTED"}]
tasks=[{"id": "task-ol-a", "state": "SCHEDULED", "held_by_case_id": null}, {"id": "task-ol-b", "state": "SCHEDULED", "held_by_case_id": null}, {"id": "task-ol-c", "state": "HELD", "held_by_case_id": "1c10eb3b-27fd-57a7-9462-c98a323f6de8"}, {"id": "task-ol-d", "state": "HELD", "held_by_case_id": "1c10eb3b-27fd-57a7-9462-c98a323f6de8"}, {"id": "task-ol-e", "state": "STARTED", "held_by_case_id": null}, {"id": "task-ol-f", "state": "SCHEDULED", "held_by_case_id": null}]
audit=[{"seq": 631, "type": "CASE_OPENED", "actor_kind": "WORKER", "actor_id": "maya", "authority": "NONE", "occurred_at": "2026-09-30 20:15:26.738072+00:00"}, {"seq": 632, "type": "WORKFLOW_STEP_EXECUTED", "actor_kind": "SYSTEM", "actor_id": "41e8c7674d8c:224:d2ffdb57", "authority": "NONE", "occurred_at": "2026-09-30 20:15:26.810702+00:00"}, {"seq": 633, "type": "CLARIFICATION_REQUESTED", "actor_kind": "SYSTEM", "actor_id": "41e8c7674d8c:224:d2ffdb57", "authority": "NONE", "occurred_at": "2026-09-30 20:15:26.972105+00:00"}, {"seq": 634, "type": "WORKFLOW_STEP_EXECUTED", "actor_kind": "SYSTEM", "actor_id": "41e8c7674d8c:224:d2ffdb57", "authority": "NONE", "occurred_at": "2026-09-30 20:15:26.972105+00:00"}, {"seq": 635, "type": "CLARIFICATION_ANSWERED", "actor_kind": "WORKER", "actor_id": "maya", "authority": "NONE", "occurred_at": "2026-09-30 20:15:27.074772+00:00"}, {"seq": 636, "type": "WORKFLOW_STEP_EXECUTED", "actor_kind": "SYSTEM", "actor_id": "41e8c7674d8c:224:d2ffdb57", "authority": "NONE", "occurred_at": "2026-09-30 20:15:27.138711+00:00"}, {"seq": 637, "type": "PHYSICAL_FACT_RECORDED", "actor_kind": "WORKER", "actor_id": "maya", "authority": "NONE", "occurred_at": "2026-09-30 20:15:27.204085+00:00"}, {"seq": 638, "type": "WORKFLOW_STEP_EXECUTED", "actor_kind": "SYSTEM", "actor_id": "41e8c7674d8c:224:d2ffdb57", "authority": "NONE", "occurred_at": "2026-09-30 20:15:27.204085+00:00"}, {"seq": 639, "type": "IMPACT_ANALYZED", "actor_kind": "SYSTEM", "actor_id": "41e8c7674d8c:224:d2ffdb57", "authority": "NONE", "occurred_at": "2026-09-30 20:15:27.331022+00:00"}, {"seq": 640, "type": "WORKFLOW_STEP_EXECUTED", "actor_kind": "SYSTEM", "actor_id": "41e8c7674d8c:224:d2ffdb57", "authority": "NONE", "occurred_at": "2026-09-30 20:15:27.331022+00:00"}, {"seq": 641, "type": "RECOVERY_PLANNED", "actor_kind": "SYSTEM", "actor_id": "41e8c7674d8c:224:d2ffdb57", "authority": "NONE", "occurred_at": "2026-09-30 20:15:27.598027+00:00"}, {"seq": 642, "type": "WORKFLOW_STEP_EXECUTED", "actor_kind": "SYSTEM", "actor_id": "41e8c7674d8c:224:d2ffdb57", "authority": "NONE", "occurred_at": "2026-09-30 20:15:27.598027+00:00"}, {"seq": 644, "type": "PLAN_APPROVED", "actor_kind": "WORKER", "actor_id": "maya", "authority": "HUMAN_APPROVAL", "occurred_at": "2026-09-30 20:16:35.308725+00:00"}, {"seq": 645, "type": "PLAN_CONFIRMED", "actor_kind": "WORKER", "actor_id": "maya", "authority": "HUMAN_APPROVAL", "occurred_at": "2026-09-30 20:16:35.351411+00:00"}, {"seq": 646, "type": "RECOVERY_APPLIED", "actor_kind": "SYSTEM", "actor_id": "41e8c7674d8c:1:e194560b", "authority": "CONSTRAINT", "occurred_at": "2026-09-30 20:16:36.077529+00:00"}, {"seq": 647, "type": "WORKFLOW_STEP_EXECUTED", "actor_kind": "SYSTEM", "actor_id": "41e8c7674d8c:1:e194560b", "authority": "NONE", "occurred_at": "2026-09-30 20:16:36.077529+00:00"}, {"seq": 648, "type": "APPROVAL_REQUESTED", "actor_kind": "SYSTEM", "actor_id": "41e8c7674d8c:1:e194560b", "authority": "CONSTRAINT", "occurred_at": "2026-09-30 20:16:36.289665+00:00"}, {"seq": 649, "type": "WORKFLOW_STEP_EXECUTED", "actor_kind": "SYSTEM", "actor_id": "41e8c7674d8c:1:e194560b", "authority": "NONE", "occurred_at": "2026-09-30 20:16:36.289665+00:00"}, {"seq": 651, "type": "RECOVERY_COMPLETED", "actor_kind": "SYSTEM", "actor_id": "41e8c7674d8c:1:e194560b", "authority": "CONSTRAINT", "occurred_at": "2026-09-30 20:16:36.961384+00:00"}, {"seq": 652, "type": "WORKFLOW_STEP_EXECUTED", "actor_kind": "SYSTEM", "actor_id": "41e8c7674d8c:1:e194560b", "authority": "NONE", "occurred_at": "2026-09-30 20:16:36.961384+00:00"}, {"seq": 653, "type": "APPROVAL_SENT", "actor_kind": "SYSTEM", "actor_id": "41e8c7674d8c:1:e194560b", "authority": "NONE", "occurred_at": "2026-09-30 20:16:37.076681+00:00"}, {"seq": 654, "type": "WORKFLOW_STEP_EXECUTED", "actor_kind": "SYSTEM", "actor_id": "41e8c7674d8c:1:e194560b", "authority": "NONE", "occurred_at": "2026-09-30 20:16:37.076681+00:00"}]
db_now=2026-09-30T20:18:03.094125+00:00
unrelated_orders=ord-c,ord-d,ord-e,ord-f
unrelated.constraints=fbdc5cf591c124c2 n=2
unrelated.customers=6d7bda2339c577f8 n=4
unrelated.lines=c5686eca8aa71897 n=4
unrelated.order_system=2eb6e0661227a491 n=4
unrelated.orders=23944d2adac3c9d8 n=4
unrelated.promises=7652d88e2480fea5 n=4
unrelated.reservations=77ad64f7451357f2 n=8
unrelated.tasks=5ffc03506d3c18e0 n=4
unrelated.tracks=5f06d862c6798add n=4
unrelated_digest=74fde94a240c07fffb1544318889fa92e3cd4f57ce53e9918166f55bb3a60c8e
ef_digest=8f43d98c8b670a1f44fd420a3e55056239d63d4c4118296631e70fbe9ec110f8
versions mirror=[["EXT-C",1,"ACCEPTED"],["EXT-D",1,"ACCEPTED"],["EXT-E",1,"ACCEPTED"],["EXT-F",1,"ACCEPTED"]] store=[["EXT-C",1,"ACCEPTED"],["EXT-D",1,"ACCEPTED"],["EXT-E",1,"ACCEPTED"],["EXT-F",1,"ACCEPTED"]]
ef_tracks=[["pr-e","UNAFFECTED","UNAFFECTED"],["pr-f","UNAFFECTED","UNAFFECTED"]] ef_tasks=[["task-ol-e","STARTED",false],["task-ol-f","SCHEDULED",false]]
attributed_audit=0 attributed_events=0 attributed_outbox=0 attributed_requests=0


Exiting session with sessionId: PromisePatchLocalDevelopment-azpdjltkl66x3edlioclvt9798.

