
Starting session with SessionId: PromisePatchLocalDevelopment-dnkpc7z8t2uhzhi2dsx9rs742u
R2_HOLD_B=2026-09-30T20:35:21Z
fixture_state=1:036f0e1c29e4ddc2fa1a03f07df79d037ddfbd9570c8b0f3f2ecc616bc486a57
cases=1:68a1184d34689912ae14c85e4de78225d1eba967b01c71e1fb492a1feb3d79ec
tracks=6:299f7b4f0cbd4cdb08563761811b043f20fbff25af4dda4b3219fc9a7f5b6ada
timers=0:4f53cda18c2baa0c0354bb5f9a3ecbe5ed12ab4d8e11ba873c2f11161202b945
case_steps=9:7ff9dface316627e1b80ec88f753f121805fc41cdf97d1a24c1d48ccfcd967d1
customers=6:0d46bdac015b6342a921f4f30bc5a1df987bdc611d05cbf49d691fc2832c879f
orders=6:340b794d048f1bdbeda31f6b9017df60ee172ba87ff7adabc37bc00724c5eb4c
order_lines=6:f0685bc1def3777bf285cd0d2c484ee3047c507d39d72b9b88c35380a98bd966
production_tasks=6:f1c0e8d38ba3234ea8d80bf96d29bb49ca3598fb757a00b8a9d4a2633139ade3
outbox_messages=0:4f53cda18c2baa0c0354bb5f9a3ecbe5ed12ab4d8e11ba873c2f11161202b945
approval_requests=0:4f53cda18c2baa0c0354bb5f9a3ecbe5ed12ab4d8e11ba873c2f11161202b945
approval_decisions=0:4f53cda18c2baa0c0354bb5f9a3ecbe5ed12ab4d8e11ba873c2f11161202b945
inbound_replies=0:4f53cda18c2baa0c0354bb5f9a3ecbe5ed12ab4d8e11ba873c2f11161202b945
plan_approvals=1:42b8aecb7e4116a933cf765920dea94e3195acf4dd948175eef3fd9adde382f9
audit_events_max=690
domain_events_max=1694
R2_STOPPED_60_SECOND_STATE_IDENTICAL
R2_QUEUED_WORK_GATE_PASS
R2_START_ISSUED=2026-09-30T20:35:23Z
 Container promisepatch-migrate-1  Starting
 Container promisepatch-migrate-1  Started
 Container promisepatch-migrate-1  Waiting
 Container promisepatch-migrate-1  Exited
 Container promisepatch-worker-1  Starting
 Container promisepatch-worker-1  Started
R2_STARTED=2026-09-30T20:35:26.096665029Z state=running
R2_DELIVERY_OBSERVED


Exiting session with sessionId: PromisePatchLocalDevelopment-dnkpc7z8t2uhzhi2dsx9rs742u.

