
Starting session with SessionId: PromisePatchLocalDevelopment-gxznzgxgt62y7625tf8dlqvpry
R4_FINISHED_WORLD_RESTART_GATE_PASS
BEFORE_STARTED=2026-09-30T20:45:26.30842226Z restart_count=0
PRE_RESTART=2026-09-30T20:51:00Z
fixture_state=1:111110321ec83759cf1212f0544298a4c99427638d1150746fd817c1edd7f425
cases=1:382acce65d46a03930c224f0aa0c4e6aac2330265aca3fa5417e0ee1cb27c945
tracks=6:b07d983c2d45bdac4952df932282ff8a41ef5ae0890485b3b56151832e6a1b6d
timers=1:c2be4b22aaf59f22f3f397437a574802ed7f76c10b010efe5fa9ade44b22dfea
case_steps=16:8c6630d6c0817d327caa6ef98146ab47f6f3cf938c865ec5cf05716957696b14
customers=6:0d46bdac015b6342a921f4f30bc5a1df987bdc611d05cbf49d691fc2832c879f
orders=6:cc5304309ae87a079704f3bee56042d2d2a9fe93663ad6088743af35b8ebb855
order_lines=6:f6028a20787aabc514545d6327b357c39c57649d48439794c432fe1f519f0c14
production_tasks=6:c598dbe470a91cfef0c31f449c66d8aa72628dbac422f9ed7652b049736ba670
outbox_messages=3:2bed83c1a815bac91bb835ea097ab81b727536a1bc3c993781749e06c77f6b6b
approval_requests=1:f7d1e260048559037e87fb1acdb4506a860f79537df5486c072406d78273bf20
approval_decisions=1:4c51b3db300a98163df991b0fe3fc26df02e7b59d29e1d45b14fd3aefa23dabd
inbound_replies=1:22dab6a594650642ad4ce6eab48d53671aa36e84999a8abb11f7f1a09ff6c6bb
plan_approvals=1:ffc28ac00dcb5f5f86254af2979a0e2cd7dfce07a51603b47612afb4334ddd63
audit_events_max=809
domain_events_max=1950
 Container promisepatch-worker-1  Restarting
 Container promisepatch-worker-1  Started
RESTART_RETURNED=2026-09-30T20:51:02Z
AFTER_STARTED=2026-09-30T20:51:02.138457465Z restart_count=0
fixture_state=1:111110321ec83759cf1212f0544298a4c99427638d1150746fd817c1edd7f425
cases=1:382acce65d46a03930c224f0aa0c4e6aac2330265aca3fa5417e0ee1cb27c945
tracks=6:b07d983c2d45bdac4952df932282ff8a41ef5ae0890485b3b56151832e6a1b6d
timers=1:c2be4b22aaf59f22f3f397437a574802ed7f76c10b010efe5fa9ade44b22dfea
case_steps=16:8c6630d6c0817d327caa6ef98146ab47f6f3cf938c865ec5cf05716957696b14
customers=6:0d46bdac015b6342a921f4f30bc5a1df987bdc611d05cbf49d691fc2832c879f
orders=6:cc5304309ae87a079704f3bee56042d2d2a9fe93663ad6088743af35b8ebb855
order_lines=6:f6028a20787aabc514545d6327b357c39c57649d48439794c432fe1f519f0c14
production_tasks=6:c598dbe470a91cfef0c31f449c66d8aa72628dbac422f9ed7652b049736ba670
outbox_messages=3:2bed83c1a815bac91bb835ea097ab81b727536a1bc3c993781749e06c77f6b6b
approval_requests=1:f7d1e260048559037e87fb1acdb4506a860f79537df5486c072406d78273bf20
approval_decisions=1:4c51b3db300a98163df991b0fe3fc26df02e7b59d29e1d45b14fd3aefa23dabd
inbound_replies=1:22dab6a594650642ad4ce6eab48d53671aa36e84999a8abb11f7f1a09ff6c6bb
plan_approvals=1:ffc28ac00dcb5f5f86254af2979a0e2cd7dfce07a51603b47612afb4334ddd63
audit_events_max=809
domain_events_max=1950
R4_RESTART_IMMEDIATE_STATE_IDENTICAL


Exiting session with sessionId: PromisePatchLocalDevelopment-gxznzgxgt62y7625tf8dlqvpry.

