
Starting session with SessionId: PromisePatchLocalDevelopment-3z7iro36segrsd4r2tdu7hsxqu
R5_CONFIRMED_CHECK=2026-09-30T20:55:18Z
case=[{"id": "d1457010-1a92-5a20-92ca-989dd1a1e744", "state": "WAITING"}]
tracks=[{"promise_id": "pr-a", "state": "RECOVERED", "classification": "AUTO_RECOVERABLE", "rule_id": "R-PREAPPROVED"}, {"promise_id": "pr-b", "state": "WAITING_FOR_CUSTOMER", "classification": "APPROVAL_REQUIRED", "rule_id": "R-VISIBLE-ASK"}, {"promise_id": "pr-c", "state": "ESCALATED", "classification": "BLOCKED", "rule_id": "R-NOSUB"}, {"promise_id": "pr-d", "state": "ESCALATED", "classification": "BLOCKED", "rule_id": "R-NOSUB"}, {"promise_id": "pr-e", "state": "UNAFFECTED", "classification": "UNAFFECTED", "rule_id": "R-UNREACH"}, {"promise_id": "pr-f", "state": "UNAFFECTED", "classification": "UNAFFECTED", "rule_id": "R-UNREACH"}]
approvals=[{"approved_by": "maya", "channel": "BROWSER_SESSION", "approved_at": "2026-09-30 20:54:27.378592+00:00"}]
outbox=[{"kind": "MESSAGE_SEND", "state": "DELIVERED", "attempts": 1, "idempotency_key": "pp:approval:81f77373-dd20-5e4b-a1cf-c835c3d97511"}, {"kind": "ORDER_AMEND", "state": "DELIVERED", "attempts": 1, "idempotency_key": "pp:amend:30a70cb2-888b-56a9-8d44-63e96e6e759e:b399a582-9e96-55b0-aa19-9f2895508e0c:1"}]
requests=[{"state": "SENT"}]
orders=[{"external_id": "EXT-A", "external_version": 2, "state": "AMENDED"}, {"external_id": "EXT-B", "external_version": 1, "state": "ACCEPTED"}, {"external_id": "EXT-C", "external_version": 1, "state": "ACCEPTED"}, {"external_id": "EXT-D", "external_version": 1, "state": "ACCEPTED"}, {"external_id": "EXT-E", "external_version": 1, "state": "ACCEPTED"}, {"external_id": "EXT-F", "external_version": 1, "state": "ACCEPTED"}]
tasks=[{"id": "task-ol-a", "state": "SCHEDULED", "held_by_case_id": null}, {"id": "task-ol-b", "state": "SCHEDULED", "held_by_case_id": null}, {"id": "task-ol-c", "state": "HELD", "held_by_case_id": "d1457010-1a92-5a20-92ca-989dd1a1e744"}, {"id": "task-ol-d", "state": "HELD", "held_by_case_id": "d1457010-1a92-5a20-92ca-989dd1a1e744"}, {"id": "task-ol-e", "state": "STARTED", "held_by_case_id": null}, {"id": "task-ol-f", "state": "SCHEDULED", "held_by_case_id": null}]
audit=[{"seq": 811, "type": "CASE_OPENED", "actor_kind": "WORKER", "actor_id": "maya", "authority": "NONE", "occurred_at": "2026-09-30 20:54:01.747167+00:00"}, {"seq": 812, "type": "WORKFLOW_STEP_EXECUTED", "actor_kind": "SYSTEM", "actor_id": "41e8c7674d8c:57:f0108339", "authority": "NONE", "occurred_at": "2026-09-30 20:54:01.821370+00:00"}, {"seq": 813, "type": "CLARIFICATION_REQUESTED", "actor_kind": "SYSTEM", "actor_id": "41e8c7674d8c:57:f0108339", "authority": "NONE", "occurred_at": "2026-09-30 20:54:01.993152+00:00"}, {"seq": 814, "type": "WORKFLOW_STEP_EXECUTED", "actor_kind": "SYSTEM", "actor_id": "41e8c7674d8c:57:f0108339", "authority": "NONE", "occurred_at": "2026-09-30 20:54:01.993152+00:00"}, {"seq": 815, "type": "CLARIFICATION_ANSWERED", "actor_kind": "WORKER", "actor_id": "maya", "authority": "NONE", "occurred_at": "2026-09-30 20:54:02.113516+00:00"}, {"seq": 816, "type": "WORKFLOW_STEP_EXECUTED", "actor_kind": "SYSTEM", "actor_id": "41e8c7674d8c:57:f0108339", "authority": "NONE", "occurred_at": "2026-09-30 20:54:02.189109+00:00"}, {"seq": 817, "type": "PHYSICAL_FACT_RECORDED", "actor_kind": "WORKER", "actor_id": "maya", "authority": "NONE", "occurred_at": "2026-09-30 20:54:02.264900+00:00"}, {"seq": 818, "type": "WORKFLOW_STEP_EXECUTED", "actor_kind": "SYSTEM", "actor_id": "41e8c7674d8c:57:f0108339", "authority": "NONE", "occurred_at": "2026-09-30 20:54:02.264900+00:00"}, {"seq": 819, "type": "IMPACT_ANALYZED", "actor_kind": "SYSTEM", "actor_id": "41e8c7674d8c:57:f0108339", "authority": "NONE", "occurred_at": "2026-09-30 20:54:02.410543+00:00"}, {"seq": 820, "type": "WORKFLOW_STEP_EXECUTED", "actor_kind": "SYSTEM", "actor_id": "41e8c7674d8c:57:f0108339", "authority": "NONE", "occurred_at": "2026-09-30 20:54:02.410543+00:00"}, {"seq": 821, "type": "RECOVERY_PLANNED", "actor_kind": "SYSTEM", "actor_id": "41e8c7674d8c:57:f0108339", "authority": "NONE", "occurred_at": "2026-09-30 20:54:02.676806+00:00"}, {"seq": 822, "type": "WORKFLOW_STEP_EXECUTED", "actor_kind": "SYSTEM", "actor_id": "41e8c7674d8c:57:f0108339", "authority": "NONE", "occurred_at": "2026-09-30 20:54:02.676806+00:00"}, {"seq": 824, "type": "PLAN_APPROVED", "actor_kind": "WORKER", "actor_id": "maya", "authority": "HUMAN_APPROVAL", "occurred_at": "2026-09-30 20:54:27.378592+00:00"}, {"seq": 825, "type": "PLAN_CONFIRMED", "actor_kind": "WORKER", "actor_id": "maya", "authority": "HUMAN_APPROVAL", "occurred_at": "2026-09-30 20:54:27.414424+00:00"}, {"seq": 826, "type": "APPROVAL_REQUESTED", "actor_kind": "SYSTEM", "actor_id": "41e8c7674d8c:1:c1265eab", "authority": "CONSTRAINT", "occurred_at": "2026-09-30 20:54:27.952772+00:00"}, {"seq": 827, "type": "WORKFLOW_STEP_EXECUTED", "actor_kind": "SYSTEM", "actor_id": "41e8c7674d8c:1:c1265eab", "authority": "NONE", "occurred_at": "2026-09-30 20:54:27.952772+00:00"}, {"seq": 828, "type": "RECOVERY_APPLIED", "actor_kind": "SYSTEM", "actor_id": "41e8c7674d8c:1:c1265eab", "authority": "CONSTRAINT", "occurred_at": "2026-09-30 20:54:28.521548+00:00"}, {"seq": 829, "type": "WORKFLOW_STEP_EXECUTED", "actor_kind": "SYSTEM", "actor_id": "41e8c7674d8c:1:c1265eab", "authority": "NONE", "occurred_at": "2026-09-30 20:54:28.521548+00:00"}, {"seq": 830, "type": "APPROVAL_SENT", "actor_kind": "SYSTEM", "actor_id": "41e8c7674d8c:1:c1265eab", "authority": "NONE", "occurred_at": "2026-09-30 20:54:28.689648+00:00"}, {"seq": 831, "type": "WORKFLOW_STEP_EXECUTED", "actor_kind": "SYSTEM", "actor_id": "41e8c7674d8c:1:c1265eab", "authority": "NONE", "occurred_at": "2026-09-30 20:54:28.689648+00:00"}, {"seq": 833, "type": "RECOVERY_COMPLETED", "actor_kind": "SYSTEM", "actor_id": "41e8c7674d8c:1:c1265eab", "authority": "CONSTRAINT", "occurred_at": "2026-09-30 20:54:35.192119+00:00"}, {"seq": 834, "type": "WORKFLOW_STEP_EXECUTED", "actor_kind": "SYSTEM", "actor_id": "41e8c7674d8c:1:c1265eab", "authority": "NONE", "occurred_at": "2026-09-30 20:54:35.192119+00:00"}]
db_now=2026-09-30T20:55:19.902107+00:00
unrelated_orders=ord-c,ord-d,ord-e,ord-f
unrelated.constraints=2b4de7db8dd678ef n=2
unrelated.customers=6d7bda2339c577f8 n=4
unrelated.lines=c5686eca8aa71897 n=4
unrelated.order_system=2eb6e0661227a491 n=4
unrelated.orders=a348c313ea7f872e n=4
unrelated.promises=6c1a7970f2a91d80 n=4
unrelated.reservations=77ad64f7451357f2 n=8
unrelated.tasks=543b4c787f643268 n=4
unrelated.tracks=a2bc2a688b358a04 n=4
unrelated_digest=c88f1183a443cf3493858633d772ce92eb95b2a65a8aa0f0cf8766c6dd52c74e
ef_digest=2d27b5d76aee9c5d1db8b2c8167cc4fbfe06cc58fb75df5a2759b8e199f014db
versions mirror=[["EXT-C",1,"ACCEPTED"],["EXT-D",1,"ACCEPTED"],["EXT-E",1,"ACCEPTED"],["EXT-F",1,"ACCEPTED"]] store=[["EXT-C",1,"ACCEPTED"],["EXT-D",1,"ACCEPTED"],["EXT-E",1,"ACCEPTED"],["EXT-F",1,"ACCEPTED"]]
ef_tracks=[["pr-e","UNAFFECTED","UNAFFECTED"],["pr-f","UNAFFECTED","UNAFFECTED"]] ef_tasks=[["task-ol-e","STARTED",false],["task-ol-f","SCHEDULED",false]]
attributed_audit=0 attributed_events=0 attributed_outbox=0 attributed_requests=0


Exiting session with sessionId: PromisePatchLocalDevelopment-3z7iro36segrsd4r2tdu7hsxqu.

