
Starting session with SessionId: PromisePatchLocalDevelopment-n87opchcg6fkz8s7vpij74jjnu
BEFORE_STARTED=2026-09-30T20:51:02.138457465Z restart_count=0
PRE_RESTART=2026-09-30T20:55:25Z
fixture_state=1:f044efb1315fa5c2a4275047ee36bddd03916ec17460ac6f0541813be9c76e53
cases=1:43bce4d095517f6597da1456a14036fcb6700d3f136c18912d3f649a52ee65f2
tracks=6:7d6f7b6033674b8bfcc771dbd75c490bfce62c0918204295ea0a30ee6e17741a
timers=1:23e5e5e2809df04fa0493ee2bfcd6ac1e250c4c63abab1e5fcbe84a66094ec4a
case_steps=11:af56a131d45c09e76009b8f982f45413a4a289018040315396779282bc5193ec
customers=6:0d46bdac015b6342a921f4f30bc5a1df987bdc611d05cbf49d691fc2832c879f
orders=6:ddf3b9242538ad6c42d8b5c5748db5b0c62d4a1f99f8a9883dea9acee718a733
order_lines=6:643621c014570215aa8dd1f74f260faddbcf8b9ec24f2be6e25c1712adbe5e5b
production_tasks=6:0948b2be493756f7e24e40c9080dc6df1995404efbb3934a9c26f248644963e9
outbox_messages=2:754421affb25002c7fd36c5254cc012dad81ce035a9d726df81e76666f62f9fd
approval_requests=1:4331c1adb5fd11f6846689d443866d319c4012d6f2e96651a5fe9e3aa2c80f71
approval_decisions=0:4f53cda18c2baa0c0354bb5f9a3ecbe5ed12ab4d8e11ba873c2f11161202b945
inbound_replies=0:4f53cda18c2baa0c0354bb5f9a3ecbe5ed12ab4d8e11ba873c2f11161202b945
plan_approvals=1:28f1ce4cb369d140b53b19681d189afe2fb30d0e3be00b598c087932cf3f8c11
audit_events_max=834
domain_events_max=2018
 Container promisepatch-worker-1  Restarting
 Container promisepatch-worker-1  Started
RESTART_RETURNED=2026-09-30T20:55:27Z
AFTER_STARTED=2026-09-30T20:55:27.724724266Z restart_count=0
fixture_state=1:f044efb1315fa5c2a4275047ee36bddd03916ec17460ac6f0541813be9c76e53
cases=1:43bce4d095517f6597da1456a14036fcb6700d3f136c18912d3f649a52ee65f2
tracks=6:7d6f7b6033674b8bfcc771dbd75c490bfce62c0918204295ea0a30ee6e17741a
timers=1:23e5e5e2809df04fa0493ee2bfcd6ac1e250c4c63abab1e5fcbe84a66094ec4a
case_steps=11:af56a131d45c09e76009b8f982f45413a4a289018040315396779282bc5193ec
customers=6:0d46bdac015b6342a921f4f30bc5a1df987bdc611d05cbf49d691fc2832c879f
orders=6:ddf3b9242538ad6c42d8b5c5748db5b0c62d4a1f99f8a9883dea9acee718a733
order_lines=6:643621c014570215aa8dd1f74f260faddbcf8b9ec24f2be6e25c1712adbe5e5b
production_tasks=6:0948b2be493756f7e24e40c9080dc6df1995404efbb3934a9c26f248644963e9
outbox_messages=2:754421affb25002c7fd36c5254cc012dad81ce035a9d726df81e76666f62f9fd
approval_requests=1:4331c1adb5fd11f6846689d443866d319c4012d6f2e96651a5fe9e3aa2c80f71
approval_decisions=0:4f53cda18c2baa0c0354bb5f9a3ecbe5ed12ab4d8e11ba873c2f11161202b945
inbound_replies=0:4f53cda18c2baa0c0354bb5f9a3ecbe5ed12ab4d8e11ba873c2f11161202b945
plan_approvals=1:28f1ce4cb369d140b53b19681d189afe2fb30d0e3be00b598c087932cf3f8c11
audit_events_max=834
domain_events_max=2018
R5_RESTART_IMMEDIATE_STATE_IDENTICAL


Exiting session with sessionId: PromisePatchLocalDevelopment-n87opchcg6fkz8s7vpij74jjnu.

