cwchunk_00 cloudwatch_match address=0
cwchunk_00 cloudwatch_match address_digits=0
cwchunk_00 cloudwatch_match bot_token=0
cwchunk_00 cloudwatch_match link_secret=0
cwchunk_00 cloudwatch_match mcp_bearer=0
cwchunk_00 cloudwatch_match internal_token=0
cwchunk_00 candidate_hashes=700
cwchunk_01 cloudwatch_match address=0
cwchunk_01 cloudwatch_match address_digits=0
cwchunk_01 cloudwatch_match bot_token=0
cwchunk_01 cloudwatch_match link_secret=0
cwchunk_01 cloudwatch_match mcp_bearer=0
cwchunk_01 cloudwatch_match internal_token=0
cwchunk_01 candidate_hashes=700
cwchunk_02 cloudwatch_match address=0
cwchunk_02 cloudwatch_match address_digits=0
cwchunk_02 cloudwatch_match bot_token=0
cwchunk_02 cloudwatch_match link_secret=0
cwchunk_02 cloudwatch_match mcp_bearer=0
cwchunk_02 cloudwatch_match internal_token=0
cwchunk_02 candidate_hashes=700
cwchunk_03 cloudwatch_match address=0
cwchunk_03 cloudwatch_match address_digits=0
cwchunk_03 cloudwatch_match bot_token=0
cwchunk_03 cloudwatch_match link_secret=0
cwchunk_03 cloudwatch_match mcp_bearer=0
cwchunk_03 cloudwatch_match internal_token=0
cwchunk_03 candidate_hashes=700
cwchunk_04 cloudwatch_match address=0
cwchunk_04 cloudwatch_match address_digits=0
cwchunk_04 cloudwatch_match bot_token=0
cwchunk_04 cloudwatch_match link_secret=0
cwchunk_04 cloudwatch_match mcp_bearer=0
cwchunk_04 cloudwatch_match internal_token=0
cwchunk_04 candidate_hashes=492
control promisepatch_app present=0
control 740a062838e0 present=0
control 0010_condition_clarification present=0
control d790de5fe854:1:f91fd290 present=1
control d790de5fe854:1:661b94ef present=1
control d790de5fe854:1:ffffffff present=0
