 Image promisepatch-backend:local Building 
 Image promisepatch-order-simulator:local Building 
#1 [internal] load local bake definitions
#1 reading from stdin 1.20kB 0.0s done
#1 DONE 0.0s

#2 [order-simulator internal] load build definition from Dockerfile.simulator
#2 transferring dockerfile: 3.25kB done
#2 DONE 0.0s

#3 [migrate internal] load build definition from Dockerfile.backend
#3 transferring dockerfile: 8.41kB done
#3 DONE 0.0s

#4 [migrate internal] load metadata for docker.io/library/python:3.12-slim-bookworm
#4 DONE 0.1s

#5 [migrate internal] load metadata for ghcr.io/astral-sh/uv:0.9.18
#5 ...

#6 [migrate internal] load metadata for docker.io/library/node:24-bookworm-slim
#6 DONE 1.1s

#5 [migrate internal] load metadata for ghcr.io/astral-sh/uv:0.9.18
#5 DONE 1.9s

#7 [order-simulator internal] load .dockerignore
#7 transferring context: 1.26kB done
#7 DONE 0.0s

#8 [order-simulator] FROM ghcr.io/astral-sh/uv:0.9.18@sha256:5713fa8217f92b80223bc83aac7db36ec80a84437dbc0d04bbc659cae030d8c9
#8 resolve ghcr.io/astral-sh/uv:0.9.18@sha256:5713fa8217f92b80223bc83aac7db36ec80a84437dbc0d04bbc659cae030d8c9 0.0s done
#8 DONE 0.1s

#9 [migrate build  1/13] FROM docker.io/library/python:3.12-slim-bookworm@sha256:782412e85d0f0984994c290652577d4018aff08145c85b262bb63dc0c7522254
#9 resolve docker.io/library/python:3.12-slim-bookworm@sha256:782412e85d0f0984994c290652577d4018aff08145c85b262bb63dc0c7522254 0.1s done
#9 DONE 0.1s

#10 [migrate frontend 1/6] FROM docker.io/library/node:24-bookworm-slim@sha256:0e0ff40c39bc087845bfb27465a0df4ea419520094bc35842ff83dd8cbe6f9b6
#10 resolve docker.io/library/node:24-bookworm-slim@sha256:0e0ff40c39bc087845bfb27465a0df4ea419520094bc35842ff83dd8cbe6f9b6 0.0s done
#10 DONE 0.1s

#11 [order-simulator internal] load build context
#11 transferring context: 2.44kB done
#11 DONE 0.0s

#12 [migrate internal] load build context
#12 transferring context: 163.23kB 0.1s done
#12 DONE 0.1s

#13 [order-simulator runtime 3/4] WORKDIR /app
#13 CACHED

#14 [order-simulator build  9/13] COPY apps/order-simulator/pyproject.toml apps/order-simulator/pyproject.toml
#14 CACHED

#15 [order-simulator build 10/13] RUN --mount=type=cache,target=/root/.cache/uv     uv sync --frozen --no-dev --no-editable --no-install-workspace --package order-simulator
#15 CACHED

#16 [order-simulator build  5/13] COPY pyproject.toml uv.lock .python-version ./
#16 CACHED

#17 [order-simulator build  6/13] COPY packages/promise-graph/pyproject.toml packages/promise-graph/pyproject.toml
#17 CACHED

#18 [order-simulator build  7/13] COPY packages/order-contract/pyproject.toml packages/order-contract/pyproject.toml
#18 CACHED

#19 [order-simulator build  8/13] COPY apps/backend/pyproject.toml apps/backend/pyproject.toml
#19 CACHED

#20 [order-simulator build 12/13] COPY apps/order-simulator apps/order-simulator
#20 CACHED

#21 [order-simulator runtime 2/4] RUN useradd --system --create-home --shell /usr/sbin/nologin ordersystem     && mkdir -p /data     && chown ordersystem:ordersystem /data
#21 CACHED

#22 [order-simulator build 13/13] RUN --mount=type=cache,target=/root/.cache/uv     uv sync --frozen --no-dev --no-editable --package order-simulator
#22 CACHED

#23 [order-simulator build 11/13] COPY packages/order-contract packages/order-contract
#23 CACHED

#24 [order-simulator runtime 4/4] COPY --from=build --chown=ordersystem:ordersystem /app/.venv /app/.venv
#24 CACHED

#25 [migrate build  6/14] COPY packages/promise-graph/pyproject.toml packages/promise-graph/pyproject.toml
#25 CACHED

#26 [migrate frontend 4/6] RUN --mount=type=secret,id=extra_ca,target=/tmp/extra-ca.crt     if [ -s /tmp/extra-ca.crt ]; then export NODE_EXTRA_CA_CERTS=/tmp/extra-ca.crt; fi;     npm ci
#26 CACHED

#27 [migrate build  7/14] COPY packages/order-contract/pyproject.toml packages/order-contract/pyproject.toml
#27 CACHED

#28 [migrate frontend 2/6] WORKDIR /ui
#28 CACHED

#29 [migrate build  5/14] COPY pyproject.toml uv.lock .python-version ./
#29 CACHED

#30 [migrate build  2/13] COPY --from=ghcr.io/astral-sh/uv:0.9.18 /uv /bin/uv
#30 CACHED

#31 [migrate build  3/13] WORKDIR /src
#31 CACHED

#32 [migrate frontend 6/6] RUN npm run build
#32 CACHED

#33 [migrate runtime 2/7] RUN useradd --system --create-home --shell /usr/sbin/nologin promisepatch
#33 CACHED

#34 [migrate build  9/14] COPY apps/order-simulator/pyproject.toml apps/order-simulator/pyproject.toml
#34 CACHED

#35 [migrate frontend 3/6] COPY apps/frontend/package.json apps/frontend/package-lock.json ./
#35 CACHED

#36 [migrate build  4/13] RUN --mount=type=secret,id=extra_ca,target=/tmp/extra-ca.crt     if [ -s /tmp/extra-ca.crt ]; then         cp /tmp/extra-ca.crt /usr/local/share/ca-certificates/extra-ca.crt &&         update-ca-certificates;     fi
#36 CACHED

#37 [migrate runtime 6/7] COPY --chown=promisepatch:promisepatch apps/backend/alembic apps/backend/alembic
#37 CACHED

#38 [migrate build  8/14] COPY apps/backend/pyproject.toml apps/backend/pyproject.toml
#38 CACHED

#39 [migrate build 11/14] COPY packages/promise-graph packages/promise-graph
#39 CACHED

#40 [migrate build 13/14] COPY apps/backend apps/backend
#40 CACHED

#41 [migrate runtime 4/7] COPY --from=build --chown=promisepatch:promisepatch /app/.venv /app/.venv
#41 CACHED

#42 [migrate runtime 3/7] WORKDIR /app
#42 CACHED

#43 [migrate frontend 5/6] COPY apps/frontend/ ./
#43 CACHED

#44 [migrate build 12/14] COPY packages/order-contract packages/order-contract
#44 CACHED

#45 [migrate build 10/14] RUN --mount=type=cache,target=/root/.cache/uv     uv sync --frozen --no-dev --no-editable --no-install-workspace --package promisepatch
#45 CACHED

#46 [migrate runtime 5/7] COPY --chown=promisepatch:promisepatch apps/backend/alembic.ini apps/backend/alembic.ini
#46 CACHED

#47 [migrate build 14/14] RUN --mount=type=cache,target=/root/.cache/uv     uv sync --frozen --no-dev --no-editable --package promisepatch
#47 CACHED

#48 [migrate runtime 7/7] COPY --from=frontend --chown=promisepatch:promisepatch /ui/dist /app/frontend
#48 CACHED

#49 [order-simulator] exporting to image
#49 exporting layers done
#49 exporting manifest sha256:5557877b23be759768880fac4281834ef648f7b0f95101aea943ccd60b329d60 done
#49 exporting config sha256:55093bfc4bb73e845e8b2821e91b9dbd757dcde8bcd7ba91fcc26149a9870099 done
#49 exporting attestation manifest sha256:0f84ee358c1f24f9559e902fe26630e3c3fea917602174f775ee8970bca6b1ad 0.0s done
#49 exporting manifest list sha256:2176a4e200b86f917b7b2592c153fb0e26d1519e41eaa331672ea393047b42d6 0.0s done
#49 naming to docker.io/library/promisepatch-order-simulator:local done
#49 unpacking to docker.io/library/promisepatch-order-simulator:local 0.0s done
#49 DONE 0.1s

#50 [migrate] exporting to image
#50 exporting layers done
#50 exporting manifest sha256:e8b6fb679a6b7bda9b62092e724f8840f28ea98ce2ac7cffaace984313264965 done
#50 exporting config sha256:e5aea0069af406428ed22f5b672ae8d0b8557d448df068e936d11dc395f35bdf done
#50 exporting attestation manifest sha256:08a0ab6e02ee02880a94d6d25953d1a10ff3c46c802caf61b1cafb527e98d6be 0.0s done
#50 exporting manifest list sha256:0167dcf8095ca46c41d9fd6c0c079901a830258e08107a51ecc867ed8cd9fef4 0.0s done
#50 naming to docker.io/library/promisepatch-backend:local done
#50 unpacking to docker.io/library/promisepatch-backend:local 0.0s done
#50 DONE 0.2s

#51 [order-simulator] resolving provenance for metadata file
#51 DONE 0.0s

#52 [migrate] resolving provenance for metadata file
#52 DONE 0.0s
 Image promisepatch-backend:local Built 
 Image promisepatch-order-simulator:local Built 
