
Starting session with SessionId: PromisePatchLocalDevelopment-fkdiihfgfsfiqhqp4lhdaah45y
PRE_START=2026-10-02T08:53:25.616235
cases=[{"id": "0dbcde18-1a4f-5b0d-94ba-e7ae3509f744", "state": "EXECUTING", "version": 8, "needs_owner_attention": true}]
plan_approvals=[{"approved_by": "maya", "channel": "BROWSER_SESSION", "approved_at": "2026-10-02 08:52:42.074880+00:00", "plan": "da58a183cd70"}]
requests=[]
decisions=[]
inbox=[]
outbox=[]
orders=[{"external_id": "EXT-A", "external_version": 1, "state": "ACCEPTED", "recipe_version_id": "rv-raspberry-almond-3"}, {"external_id": "EXT-B", "external_version": 1, "state": "ACCEPTED", "recipe_version_id": "rv-raspberry-rose-2"}, {"external_id": "EXT-C", "external_version": 1, "state": "ACCEPTED", "recipe_version_id": "rv-raspberry-charlotte-1"}, {"external_id": "EXT-D", "external_version": 1, "state": "ACCEPTED", "recipe_version_id": "rv-raspberry-lemon-2"}, {"external_id": "EXT-E", "external_version": 1, "state": "ACCEPTED", "recipe_version_id": "rv-dark-chocolate-ganache-5"}, {"external_id": "EXT-F", "external_version": 1, "state": "ACCEPTED", "recipe_version_id": "rv-blueberry-danish-1"}]
steps=[{"kind": "BEGIN_INTERPRETATION", "state": "DONE", "attempts": 1}, {"kind": "RESOLVE_OBSERVATION", "state": "DONE", "attempts": 1}, {"kind": "BEGIN_INTERPRETATION", "state": "DONE", "attempts": 1}, {"kind": "RESOLVE_OBSERVATION", "state": "DONE", "attempts": 1}, {"kind": "ANALYZE_IMPACT", "state": "DONE", "attempts": 1}, {"kind": "PLAN_RECOVERY", "state": "DONE", "attempts": 1}, {"kind": "CONFIRM_PLAN", "state": "DONE", "attempts": 0}, {"kind": "REQUEST_APPROVAL", "state": "PENDING", "attempts": 0}, {"kind": "APPLY_RECOVERY", "state": "PENDING", "attempts": 0}]
audit_max=935 events_max=2254
revalidation=[{"n": 0, "passed": 0, "first_seq": null, "at": null, "workers": null}]
START_ISSUED=2026-10-02T08:53:26.390573
 Container promisepatch-migrate-1  Starting
 Container promisepatch-migrate-1  Started
 Container promisepatch-migrate-1  Waiting
 Container promisepatch-migrate-1  Exited
 Container promisepatch-worker-1  Starting
 Container promisepatch-worker-1  Started
START_RETURNED=2026-10-02T08:53:29.302238 started=2026-10-02T08:53:29.289607506Z
{"action": "PRESENT", "case_id": "0dbcde18-1a4f-5b0d-94ba-e7ae3509f744", "state": null, "detail": "this world's case already exists; nothing was touched", "rolled": false, "event": "worker.demo_case", "level": "info", "timestamp": "2026-10-02T08:53:31.312075Z"}
{"worker": "d790de5fe854:1:c3897965", "event": "worker.start", "level": "info", "timestamp": "2026-10-02T08:53:31.312208Z"}
{"step_id": "8fd3ed5e-1f70-4c35-a8d4-965d07ee26bd", "step_key": "approval:072fe6a8-7884-5694-a351-aab07f541d02", "kind": "REQUEST_APPROVAL", "attempt": 1, "result": "COMPLETED", "event": "worker.step.executed", "level": "info", "timestamp": "2026-10-02T08:53:31.501953Z"}
{"step_id": "9c9e6d05-c577-4431-bd33-622ea9bf31b4", "step_key": "apply:4561267f-a3d0-591a-a933-f286478f7cb4", "kind": "APPLY_RECOVERY", "attempt": 1, "result": "COMPLETED", "event": "worker.step.executed", "level": "info", "timestamp": "2026-10-02T08:53:32.159283Z"}
{"step_id": "1fb58380-bac1-487b-ba74-427dca036977", "step_key": "approval-sent:072fe6a8-7884-5694-a351-aab07f541d02", "kind": "MARK_APPROVAL_SENT", "attempt": 1, "result": "COMPLETED", "event": "worker.step.executed", "level": "info", "timestamp": "2026-10-02T08:53:32.382679Z"}
{"step_id": "f3e11838-7578-4e02-aa76-1bc20a6ab73e", "step_key": "finalize:4561267f-a3d0-591a-a933-f286478f7cb4", "kind": "FINALIZE_RECOVERY", "attempt": 1, "result": "COMPLETED", "event": "worker.step.executed", "level": "info", "timestamp": "2026-10-02T08:53:32.554881Z"}
counters sendMessage=2 worker.telegram.sent=2 getUpdates=0 worker.start=3 worker.stop=2


Exiting session with sessionId: PromisePatchLocalDevelopment-fkdiihfgfsfiqhqp4lhdaah45y.

